// Jest Snapshot v1, https://goo.gl/fbAQLP

exports[`<SignInForm /> renders sign-in form 1`] = `
<form>
  <div
    className="input-field"
  >
    <label
      htmlFor="username"
    >
      Username
    </label>
    <input
      className="input-field"
      id="username"
      label="Username"
      name="username"
      type="text"
    />
  </div>
  <div
    className="input-field"
  >
    <label
      htmlFor="password"
    >
      Password
    </label>
    <input
      className="input-field"
      id="password"
      label="Password"
      name="password"
      type="password"
    >
      <span>
        <a
          href="#"
        >
          Forgot account?
        </a>
      </span>
    </input>
    <span
      className="helper-text"
    >
      <span>
        <a
          href="#"
        >
          Forgot account?
        </a>
      </span>
    </span>
  </div>
  <div
    className="center-align"
  >
    <button
      className="btn waves-effect waves-light blue"
      type={undefined}
    >
      Sign In
    </button>
  </div>
</form>
`;
