// Jest Snapshot v1, https://goo.gl/fbAQLP

exports[`<SignUpForm /> renders sign-up form 1`] = `
<form>
  <div
    className="input-field"
  >
    <label
      htmlFor="username"
    >
      Username
    </label>
    <input
      className="input-field"
      id="username"
      label="Username"
      required="true"
      type="text"
    >
      Name can only contain letters, numbers and underscore
    </input>
    <span
      className="helper-text"
    >
      Name can only contain letters, numbers and underscore
    </span>
  </div>
  <div
    className="input-field"
  >
    <label
      htmlFor="email"
    >
      Email address
    </label>
    <input
      className="input-field"
      id="email"
      label="Email address"
      required="true"
      type="email"
    />
  </div>
  <div
    className="input-field"
  >
    <label
      htmlFor="password"
    >
      Password
    </label>
    <input
      className="input-field"
      id="password"
      label="Password"
      onChange={[Function]}
      required="true"
      type="password"
      validate="validate"
      value=""
    >
      Password must be 8-32 characters long
    </input>
    <span
      className="helper-text"
    >
      Password must be 8-32 characters long
    </span>
  </div>
  <div
    className="input-field"
  >
    <label
      htmlFor="confirm"
    >
      Confirm password
    </label>
    <input
      className="input-field"
      id="confirm"
      label="Confirm password"
      onChange={[Function]}
      required="true"
      type="password"
      value={undefined}
    />
  </div>
  <div
    className="center-align"
  >
    <button
      className="btn waves-effect waves-light blue"
      type="submit"
    >
      Sign Up
      <i
        className="material-icons right"
      >
        send
      </i>
    </button>
  </div>
</form>
`;
